   Γû▓ Next.js 15.0.3

   Creating an optimized production build ...
 Γ£ô Compiled successfully
   Skipping validation of types
   Skipping linting
   Collecting page data ...
cmd :  ΓÜá Using edge runtime on a page currently disables static generation for that page
At line:1 char:1
+ cmd /c npx.cmd next build > build_output.txt 2>&1
+ ~~~~~~~~~~~~~~~~~~~~~~~~~~~~~~~~~~~~~~~~~~~~~~~~~
    + CategoryInfo          : NotSpecified: ( ΓÜá Using edge...n for that page:String) [], RemoteException
    + FullyQualifiedErrorId : NativeCommandError
 
   Generating static pages (0/11) ...
   Generating static pages (2/11) 
   Generating static pages (5/11) 
   Generating static pages (8/11) 
 Γ£ô Generating static pages (11/11)
   Finalizing page optimization ...
   Collecting build traces ...

Route (app)                              Size     First Load JS
Γöî ╞Æ /                                    1.49 kB         258 kB
Γö£ Γùï /_not-found                          896 B           101 kB
Γö£ ╞Æ /[slug]                              184 B           109 kB
Γö£ Γùï /about                               184 B           109 kB
Γö£ ╞Æ /admin                               10.4 kB         119 kB
Γö£ ╞Æ /api/admin-data                      158 B           100 kB
Γö£ ╞Æ /api/client-auth                     158 B           100 kB
Γö£ ╞Æ /api/client-data                     158 B           100 kB
Γö£ ╞Æ /api/products                        158 B           100 kB
Γö£ ╞Æ /api/products/[id]                   158 B           100 kB
Γö£ ╞Æ /api/save-quote                      158 B           100 kB
Γö£ Γùï /blog                                184 B           109 kB
Γö£ ╞Æ /contact                             158 B           100 kB
Γö£ Γùï /gallery                             2.25 kB         111 kB
Γö£ ╞Æ /instant-quote                       4.69 kB         252 kB
Γö£ ╞Æ /login                               1.99 kB         111 kB
Γö£ Γùï /material                            184 B           109 kB
Γö£ Γùï /privacy-policy                      158 B           100 kB
Γö£ ╞Æ /profile                             4.14 kB         113 kB
Γö£ Γùï /service                             184 B           109 kB
Γö£ ╞Æ /shop                                5.7 kB          115 kB
Γö£ ╞Æ /shop/[id]                           5.59 kB         117 kB
Γöö Γùï /terms-of-use                        158 B           100 kB
+ First Load JS shared by all            100 kB
  Γö£ chunks/4bd1b696-1129ded6c0b3841f.js  52.5 kB
  Γö£ chunks/517-a15a84d7e80c85eb.js       45.5 kB
  Γöö other shared chunks (total)          1.93 kB


Γùï  (Static)   prerendered as static content
╞Æ  (Dynamic)  server-rendered on demand

